// Jest Snapshot v1, https://goo.gl/fbAQLP

exports[`Search Component snapshot render 1`] = `
<input
  className="search"
  onChange={[Function]}
  placeholder="Search"
  type="search"
/>
`;
